<Page
  x:Class="VSMTest.MainPage"
  xmlns="http://schemas.microsoft.com/winfx/2006/xaml/presentation"
  xmlns:x="http://schemas.microsoft.com/winfx/2006/xaml"
  xmlns:local="using:VSMTest">

  <Page.Resources>
    <Style TargetType="Button">
      <Setter Property="Template">
        <Setter.Value>
          <ControlTemplate TargetType="Button">
            <Grid x:Name="RootGrid" Background="{TemplateBinding Background}">
              <ContentPresenter
                x:Name="ContentPresenter"
                Padding="{TemplateBinding Padding}"
                HorizontalContentAlignment="{TemplateBinding HorizontalContentAlignment}"
                VerticalContentAlignment="{TemplateBinding VerticalContentAlignment}"
                AutomationProperties.AccessibilityView="Raw"
                BorderBrush="{TemplateBinding BorderBrush}"
                BorderThickness="{TemplateBinding BorderThickness}"
                Content="{TemplateBinding Content}"
                ContentTemplate="{TemplateBinding ContentTemplate}"
                ContentTransitions="{TemplateBinding ContentTransitions}" />
              <VisualStateManager.VisualStateGroups>
                <VisualStateGroup x:Name="CommonStates">
                  <VisualState x:Name="Normal">
                    <Storyboard>
                      <PointerUpThemeAnimation Storyboard.TargetName="RootGrid" />
                    </Storyboard>
                  </VisualState>
                  <VisualState x:Name="PointerOver">
                    <VisualState.Setters>
                      <Setter Target="RootGrid.Background" Value="{ThemeResource ButtonBackgroundPointerOver}" />
                      <Setter Target="ContentPresenter.BorderBrush" Value="{ThemeResource ButtonBorderBrushPointerOver}" />
                      <Setter Target="ContentPresenter.Foreground" Value="{ThemeResource ButtonForegroundPointerOver}" />
                    </VisualState.Setters>
                    <Storyboard>
                      <PointerUpThemeAnimation Storyboard.TargetName="RootGrid" />
                    </Storyboard>
                  </VisualState>
                  <VisualState x:Name="Pressed">
                    <VisualState.Setters>
                      <Setter Target="RootGrid.Background" Value="{ThemeResource ButtonBackgroundPressed}" />
                      <Setter Target="ContentPresenter.BorderBrush" Value="{ThemeResource ButtonBorderBrushPressed}" />
                      <Setter Target="ContentPresenter.Foreground" Value="{ThemeResource ButtonForegroundPressed}" />
                    </VisualState.Setters>
                    <Storyboard>
                      <PointerDownThemeAnimation Storyboard.TargetName="RootGrid" />
                    </Storyboard>
                  </VisualState>
                  <VisualState x:Name="Disabled">
                    <VisualState.Setters>
                      <Setter Target="RootGrid.Background" Value="{ThemeResource ButtonBackgroundDisabled}" />
                      <Setter Target="ContentPresenter.BorderBrush" Value="{ThemeResource ButtonBorderBrushDisabled}" />
                      <Setter Target="ContentPresenter.Foreground" Value="{ThemeResource ButtonForegroundDisabled}" />
                    </VisualState.Setters>
                  </VisualState>
                </VisualStateGroup>
                <VisualStateGroup x:Name="TestStates">
                  <VisualState x:Name="AllNeutral">
                    <VisualState.Setters>
                      <Setter Target="RootGrid.Background" Value="{ThemeResource ButtonBackgroundDisabled}" />
                    </VisualState.Setters>
                    <Storyboard>
                      <DragItemThemeAnimation Storyboard.TargetName="RootGrid" />
                      <DropTargetItemThemeAnimation Storyboard.TargetName="RootGrid" />
                      <FadeInThemeAnimation Storyboard.TargetName="RootGrid" />
                      <FadeOutThemeAnimation Storyboard.TargetName="RootGrid" />
                      <PointerDownThemeAnimation Storyboard.TargetName="RootGrid" />
                      <PointerUpThemeAnimation Storyboard.TargetName="RootGrid" />
                      <PopOutThemeAnimation Storyboard.TargetName="RootGrid" />
                    </Storyboard>
                  </VisualState>
                  <VisualState x:Name="FullConversionDoubles">
                    <VisualState.Setters>
                      <Setter Target="CheckGlyph.Opacity" Value="1" />
                      <Setter Target="ContentTransform.Y" Value="{Binding RelativeSource={RelativeSource TemplatedParent}, Path=TemplateSettings.CompactVerticalDelta}" />
                    </VisualState.Setters>
                  </VisualState>
                  <VisualState x:Name="NoConversion1">
                    <Storyboard>
                      <ObjectAnimationUsingKeyFrames Storyboard.TargetName="RootGrid" Storyboard.TargetProperty="Background">
                        <DiscreteObjectKeyFrame KeyTime="0" Value="{ThemeResource ButtonBackgroundDisabled}" />
                      </ObjectAnimationUsingKeyFrames>
                      <DoubleAnimationUsingKeyFrames Storyboard.TargetName="ClipGeometryTransform" Storyboard.TargetProperty="Y">
                        <DiscreteDoubleKeyFrame KeyTime="0:0:0" Value="0" />
                        <SplineDoubleKeyFrame
                          KeySpline="0.2,0 0,1"
                          KeyTime="0:0:0"
                          Value="{Binding RelativeSource={RelativeSource TemplatedParent}, Path=TemplateSettings.CompactVerticalDelta}" />
                      </DoubleAnimationUsingKeyFrames>
                    </Storyboard>
                  </VisualState>
                  <VisualState x:Name="NoConversion2">
                    <Storyboard>
                      <ObjectAnimationUsingKeyFrames Storyboard.TargetName="RootGrid" Storyboard.TargetProperty="Background">
                        <DiscreteObjectKeyFrame KeyTime="0" Value="{ThemeResource ButtonBackgroundDisabled}" />
                      </ObjectAnimationUsingKeyFrames>
                      <DoubleAnimationUsingKeyFrames Storyboard.TargetName="ClipGeometryTransform" Storyboard.TargetProperty="Y">
                        <DiscreteDoubleKeyFrame KeyTime="0:0:0" Value="0" />
                        <SplineDoubleKeyFrame
                          KeySpline="0.2,0 0,1"
                          KeyTime="0:0:0.167"
                          Value="{Binding RelativeSource={RelativeSource TemplatedParent}, Path=TemplateSettings.CompactVerticalDelta}" />
                      </DoubleAnimationUsingKeyFrames>
                    </Storyboard>
                  </VisualState>
                  <VisualState x:Name="NoConversion3">
                    <Storyboard>
                      <ObjectAnimationUsingKeyFrames Storyboard.TargetName="RootGrid" Storyboard.TargetProperty="Background">
                        <DiscreteObjectKeyFrame KeyTime="0" Value="{ThemeResource ButtonBackgroundDisabled}" />
                      </ObjectAnimationUsingKeyFrames>
                      <ObjectAnimationUsingKeyFrames Storyboard.TargetName="HighContrastBorder" Storyboard.TargetProperty="Visibility">
                        <DiscreteObjectKeyFrame KeyTime="0:0:0.125" Value="Visible" />
                      </ObjectAnimationUsingKeyFrames>
                    </Storyboard>
                  </VisualState>
                </VisualStateGroup>
              </VisualStateManager.VisualStateGroups>
            </Grid>
          </ControlTemplate>
        </Setter.Value>
      </Setter>
    </Style>
  </Page.Resources>
</Page>